// Jest Snapshot v1, https://goo.gl/fbAQLP

exports[`OpenRegistration Localization should localize city, state, and postcode fields when changing the selected country 1`] = `"Province*"`;

exports[`OpenRegistration Localization should localize city, state, and postcode fields when changing the selected country 2`] = `"City*"`;

exports[`OpenRegistration Localization should localize city, state, and postcode fields when changing the selected country 3`] = `"Postal code*"`;

exports[`OpenRegistration Localization should localize city, state, and postcode fields when changing the selected country 4`] = `"Region*"`;

exports[`OpenRegistration Localization should localize city, state, and postcode fields when changing the selected country 5`] = `"District*"`;

exports[`OpenRegistration Localization should localize city, state, and postcode fields when changing the selected country 6`] = `"Postal code*"`;

exports[`OpenRegistration Localization should localize city, state, and postcode fields when changing the selected country 7`] = `"State*"`;

exports[`OpenRegistration Localization should localize city, state, and postcode fields when changing the selected country 8`] = `"City*"`;

exports[`OpenRegistration Localization should localize city, state, and postcode fields when changing the selected country 9`] = `"ZIP code*"`;

exports[`OpenRegistration Localization should localize city, state, and postcode fields when changing the selected country 10`] = `"Emirate*"`;

exports[`OpenRegistration Localization should localize city, state, and postcode fields when changing the selected country 11`] = `"City*"`;

exports[`OpenRegistration Localization should localize city, state, and postcode fields when changing the selected country 12`] = `"Postal code*"`;

exports[`OpenRegistration Localization should localize city, state, and postcode fields when changing the selected country: China 1`] = `
Object {
  "AH": "Anhui",
  "BJ": "Beijing",
  "CQ": "Chongqing",
  "FJ": "Fujian",
  "GD": "Guangdong",
  "GS": "Gansu",
  "GX": "Guangxi Zhuang Autonomous Region",
  "GZ": "Guizhou",
  "HA": "Henan",
  "HB": "Hubei",
  "HE": "Hebei",
  "HI": "Hainan",
  "HK": "Hong Kong",
  "HL": "Heilongjiang",
  "HN": "Hunan",
  "JL": "Jilin",
  "JS": "Jiangsu",
  "JX": "Jiangxi",
  "LN": "Liaoning",
  "MO": "Macau",
  "NM": "Inner Mongolia",
  "NX": "Ningxia Hui Autonomous Region",
  "QH": "Qinghai",
  "SC": "Sichuan",
  "SD": "Shandong",
  "SH": "Shanghai",
  "SN": "Shaanxi",
  "SX": "Shanxi",
  "TW": "Taiwan Province, People's Republic of China",
  "TW-KEE": "Keelung",
  "XJ": "Xinjiang",
  "XZ": "Tibet Autonomous Region",
  "YN": "Yunnan",
  "ZJ": "Zhejiang",
}
`;

exports[`OpenRegistration Localization should localize city, state, and postcode fields when changing the selected country: Peru 1`] = `
Object {
  "AMA": "Amazonas",
  "ANC": "Áncash",
  "APU": "Apurímac",
  "ARE": "Arequipa",
  "AYA": "Ayacucho",
  "CAJ": "Cajamarca",
  "CAL": "Callao",
  "CUS": "Cusco",
  "HUC": "Huanuco",
  "HUV": "Huancavelica",
  "ICA": "Ica",
  "JUN": "Junín",
  "LAL": "La Libertad",
  "LAM": "Lambayeque",
  "LIM": "Lima",
  "MDD": "Madre de Dios",
  "MOQ": "Moquegua",
  "PAS": "Pasco",
  "PIU": "Piura",
  "PUN": "Puno",
  "SAM": "San Martín",
  "TAC": "Tacna",
  "TUM": "Tumbes",
  "UCA": "Ucayali",
}
`;

exports[`OpenRegistration Localization should localize city, state, and postcode fields when changing the selected country: Tokelau 1`] = `
Object {
  " ": " ",
}
`;

exports[`OpenRegistration Localization should localize city, state, and postcode fields when changing the selected country: United Arab Emirates 1`] = `
Object {
  "AJ": "Ajman Emirate",
  "AZ": "Abu Dhabi Emirate",
  "DU": "Dubai",
  "FU": "Fujairah",
  "RK": "Ras al-Khaimah",
  "SH": "Sharjah Emirate",
  "UQ": "Umm al-Quwain",
}
`;

exports[`OpenRegistration Localization should localize city, state, and postcode fields when changing the selected country: United States 1`] = `
Object {
  "AK": "Alaska",
  "AL": "Alabama",
  "AR": "Arkansas",
  "AS": "American Samoa",
  "AZ": "Arizona",
  "CA": "California",
  "CO": "Colorado",
  "CT": "Connecticut",
  "DC": "District of Columbia",
  "DE": "Delaware",
  "FL": "Florida",
  "GA": "Georgia",
  "GU": "Guam",
  "HI": "Hawaii",
  "IA": "Iowa",
  "ID": "Idaho",
  "IL": "Illinois",
  "IN": "Indiana",
  "KS": "Kansas",
  "KY": "Kentucky",
  "LA": "Louisiana",
  "MA": "Massachusetts",
  "MD": "Maryland",
  "ME": "Maine",
  "MI": "Michigan",
  "MN": "Minnesota",
  "MO": "Missouri",
  "MP": "Northern Mariana Islands",
  "MS": "Mississippi",
  "MT": "Montana",
  "NC": "North Carolina",
  "ND": "North Dakota",
  "NE": "Nebraska",
  "NH": "New Hampshire",
  "NJ": "New Jersey",
  "NM": "New Mexico",
  "NV": "Nevada",
  "NY": "New York",
  "OH": "Ohio",
  "OK": "Oklahoma",
  "OR": "Oregon",
  "PA": "Pennsylvania",
  "PR": "Puerto Rico",
  "RI": "Rhode Island",
  "SC": "South Carolina",
  "SD": "South Dakota",
  "TN": "Tennessee",
  "TX": "Texas",
  "UM": "United States Minor Outlying Islands",
  "UT": "Utah",
  "VA": "Virginia",
  "VI": "United States Virgin Islands",
  "VT": "Vermont",
  "WA": "Washington",
  "WI": "Wisconsin",
  "WV": "West Virginia",
  "WY": "Wyoming",
}
`;

exports[`OpenRegistration Registration should register a new user with a voucher. 1`] = `" <h4 class=\\"llms-notification-title\\">You've earned a certificate!</h4> <div class=\\"llms-notification-body\\"><div class=\\"llms-mini-cert\\"> <h2 class=\\"llms-mini-cert-title\\">Awarded on Registration</h2> <div class=\\"llms-mini-cert--body \\"> <div class=\\"llms-mini-cert--mock-line\\"></div> <div class=\\"llms-mini-cert--mock-line\\"></div> <div class=\\"llms-mini-cert--mock-line\\"></div> <div class=\\"llms-mini-cert--mock-line\\"></div> <div class=\\"llms-mini-cert--mock-line\\"></div> <div class=\\"llms-mini-cert--mock-dot\\"></div> <div class=\\"llms-mini-cert--mock-line\\"></div> <p></p></div> <p></p></div> </div> "`;
