<div class="d-1of2">
	<div class="llms-reporting-widget test-b" id="test-b">
					<i class="fa fa-mocking-bird" aria-hidden="true"></i>
				<div class="llms-reporting-widget-data">
			<strong>1.235<sup>%</sup></strong>
							<small class="compare tooltip negative" title="Previously 5.920%">
					-379.35%
				</small>
					</div>
		<small>Test Letter B</small>
	</div>
</div>