{
    "name": "user_postmeta",
    "description": "Stores user information related to the specified post. Such as student enrollment and progress data.",
    "columns": {
        "meta_id": {
            "description": "The meta data ID.",
            "type": "primary_id"
        },
        "user_id": {
            "description": "A `WP_User` ID.",
            "type": "id"
        },
        "post_id": {
            "description": "A `WP_Post` ID.",
            "type": "id"
        },
        "meta_key": {
            "description": "The meta data key \/ name.",
            "type": "varchar",
            "length": 255,
            "default": "NULL"
        },
        "meta_value": {
            "description": "The meta data value.",
            "type": "longtext",
            "default": "NULL"
        },
        "updated_date": {
            "description": "The timestamp of the last update to the metadata.",
            "type": "datetime",
            "default": "0000-00-00 00:00:00",
            "allow_null": false
        }
    },
    "keys": {
        "meta_id": "primary",
        "user_id": "default",
        "post_id": "default"
    }
}
